// Jest Snapshot v1, https://goo.gl/fbAQLP

exports[`<DisplayTetromino/> Component rendering correctly DisplayTetromino 1`] = `
<styled.div>
  <styled.div>
    <p>
      text
    </p>
    <styled.div
      height={2}
      width={2}
    >
      <styled.div
        className="row"
        key="0"
      >
        <Memo(Cell)
          cell={true}
          color="255, 255, 0"
          key="0"
          size={1.5}
          type="O"
        />
        <Memo(Cell)
          cell={true}
          color="0, 0, 0"
          key="1"
          size={1.5}
          type="0"
        />
      </styled.div>
      <styled.div
        className="row"
        key="1"
      >
        <Memo(Cell)
          cell={true}
          color="255, 255, 0"
          key="0"
          size={1.5}
          type="O"
        />
        <Memo(Cell)
          cell={true}
          color="255, 255, 0"
          key="1"
          size={1.5}
          type="O"
        />
      </styled.div>
    </styled.div>
  </styled.div>
</styled.div>
`;
